✔ brands/brand: real editor opens, retains invalid changes, closes only after persistence and starts a clean new form (467.7932ms)
✔ food-tags/food-tag: real editor opens, retains invalid changes, closes only after persistence and starts a clean new form (226.3744ms)
✔ ingredient-categories/ingredient-category: real editor opens, retains invalid changes, closes only after persistence and starts a clean new form (266.5933ms)
✔ ingredient-equivalences/equivalence: real editor opens, retains invalid changes, closes only after persistence and starts a clean new form (240.4198ms)
✔ ingredients/ingredient: real editor opens, retains invalid changes, closes only after persistence and starts a clean new form (236.3027ms)
✔ meal-types/meal-type: real editor opens, retains invalid changes, closes only after persistence and starts a clean new form (184.2255ms)
✔ nutrients/nutrient: real editor opens, retains invalid changes, closes only after persistence and starts a clean new form (271.0859ms)
✔ product-categories/product-category: real editor opens, retains invalid changes, closes only after persistence and starts a clean new form (197.2152ms)
✔ recipe-categories/recipe-category: real editor opens, retains invalid changes, closes only after persistence and starts a clean new form (125.5155ms)
✔ recipe-tags/recipe-tag: real editor opens, retains invalid changes, closes only after persistence and starts a clean new form (126.4189ms)
✔ units/unit: real editor opens, retains invalid changes, closes only after persistence and starts a clean new form (229.0653ms)
✔ units/conversion: real editor opens, retains invalid changes, closes only after persistence and starts a clean new form (222.5085ms)
✔ cities/cities: real editor opens, retains invalid changes, closes only after persistence and starts a clean new form (104.9114ms)
✔ branches/branches: real editor opens, retains invalid changes, closes only after persistence and starts a clean new form (104.0294ms)
✔ supermarkets/supermarkets: real editor opens, retains invalid changes, closes only after persistence and starts a clean new form (88.9861ms)
✔ products/product: real editor opens, retains invalid changes, closes only after persistence and starts a clean new form (155.2507ms)
✔ supermarket-products/sp: real editor opens, retains invalid changes, closes only after persistence and starts a clean new form (174.7143ms)
✔ barcodes: create modal keeps rejected values, closes on success and primary new clears input (75.1751ms)
✔ nutrient relation: edit, cancel, new sends POST instead of reusing the previous PATCH target (261.8299ms)
✔ mapping prices: row action reveals its tab and successful price write closes its form (342.5403ms)
✔ branch map stays with original form and initializes after the dialog becomes visible (180.8496ms)
✔ products: row detail action reveals the destination tab (323.4895ms)
✔ ingredients: row detail action reveals the destination tab (250.7706ms)
✔ products: status is Spanish while arbitrary catalog content remains unchanged and escaped (272.4158ms)
✔ product-categories: status is Spanish while arbitrary catalog content remains unchanged and escaped (154.1323ms)
✔ brands: status is Spanish while arbitrary catalog content remains unchanged and escaped (167.8402ms)
✔ ingredients: status is Spanish while arbitrary catalog content remains unchanged and escaped (164.4492ms)
✔ ingredient-categories: status is Spanish while arbitrary catalog content remains unchanged and escaped (142.0583ms)
✔ ingredient-equivalences: status is Spanish while arbitrary catalog content remains unchanged and escaped (157.3979ms)
✔ health-preferences: status is Spanish while arbitrary catalog content remains unchanged and escaped (137.731ms)
✔ food-tags: status is Spanish while arbitrary catalog content remains unchanged and escaped (152.5365ms)
✔ meal-types: status is Spanish while arbitrary catalog content remains unchanged and escaped (140.9084ms)
✔ supermarket-products: status is Spanish while arbitrary catalog content remains unchanged and escaped (248.1719ms)
✔ nutrients: status is Spanish while arbitrary catalog content remains unchanged and escaped (263.727ms)
✔ units: status is Spanish while arbitrary catalog content remains unchanged and escaped (326.8168ms)
✔ objectives: status is Spanish while arbitrary catalog content remains unchanged and escaped (119.1634ms)
✔ products: inactive remains its original filter and editor value (278.9704ms)
✔ units: type label is translated only when rendering (336.5922ms)
✔ food-tags: type label is translated only when rendering (152.6574ms)
✔ product requests: Spanish status and origin preserve approval endpoint and payload (158.0682ms)
✔ mapping prices: source and status labels do not alter amounts or currency (196.4972ms)
✔ free text equivalence types and unknown food types are preserved and escaped (245.5429ms)
✔ real dashboard branch shows precise counts and all sections without the old metrics or tabs (1043.2882ms)
✔ view renders only the sections and destination links provided by the permission-filtered contract (679.4553ms)
✔ empty permissions state has no invented counts, actions or placeholder cards (460.6389ms)
✔ labels and descriptions are escaped and a missing destination never becomes a fake action (607.008ms)
✔ all 39 active screens expose Spanish metadata and explicit metric labels, including zero counts (1660.6172ms)
✔ source, execution and alert controls translate labels while preserving submitted enum values (96.442ms)
✔ navigation translates labels without broadening the allowed destinations (466.9869ms)
✔ settings: redacted secrets have no editor and cannot be opened through the delegated handler (323.0734ms)
✔ settings: dynamic modal preserves a rejected value, blocks duplicate saves and closes only after success (283.2008ms)
✔ official recipes: detail, editor dismissal and save keep the correct tab and form visible (375.7155ms)
✔ recipe-import: failed input remains editable and successful parsing reveals the result tab (90.3107ms)
✔ recipe-import-text: failed input remains editable and successful parsing reveals the result tab (122.3998ms)
✔ health preferences: modal editing preserves the selected native catalog tab (175.9767ms)
✔ roles: translated permission labels preserve permission IDs and unknown descriptions (150.408ms)
✔ recipe tags: translated type and status do not alter editor values or PATCH payloads (147.6719ms)
✔ recipe scraping: translated executions preserve the raw status filter and retry endpoint (179.05ms)
✔ audit: translated actions and resources preserve original audit JSON and user content (121.9372ms)
✔ scraping alerts: detail labels match the list while raw alert messages and severity filters remain intact (165.6527ms)
✔ reports: translated metrics and coded cells preserve free text and report API identifiers (232.2405ms)
✔ real Blade preserves separate catalog, recipe, user and guest permissions (2643.3819ms)
✔ administration and account share native controls; current page remains identified (462.5158ms)
✔ one menu opens at a time and repeated loading or legacy delegated handlers cannot double-toggle (325.5824ms)
✔ keyboard opens, traverses and closes with focus restoration; tab focus closes previous menu (384.8353ms)
✔ outside click, navigation lifecycle and logout close without consuming link action (339.5766ms)
ℹ tests 66
ℹ suites 0
ℹ pass 66
ℹ fail 0
ℹ cancelled 0
ℹ skipped 0
ℹ todo 0
ℹ duration_ms 13714.6746
